## Naam verwerking

- **Nummer verwerking**: 7cb7c7db\-6e97\-3391\-8153\-477df1e8fde8
- **Import nummer**: 
- **Naam verwerking**: 8a354023\-7c12\-3555\-92bf\-3895cf6c5704
- **Primair / Secundair**: Secundair
- **AVG Verwerking Dienst**: In modi dolore aspernatur nobis ullam magni minus ipsum\.
- **Periodieke review**: 21-07-2001
- **Hoofdverwerking**: -

## Verwerkingsverantwoordelijke

<!--- #App\Models\Responsible# --->

## Subverwerker

<!--- #App\Models\Processor# --->

## Ontvanger

<!--- #App\Models\Receiver# --->

## Doel &amp; Grondslag

- Geen

## Betrokkenen en gegevens

- Geen

## Besluitvorming

- **Geautomatiseerde besluitvorming**: ja
- **Toelichting besluitvorming**: Et dicta illo suscipit sint sunt accusamus\.
- **Toelichting belang en gevolgen**: Et dicta illo suscipit sint sunt accusamus\.

## Systemen / Applicaties

<!--- #App\Models\System# --->

## Beveiliging

- **Heeft beveiliging**: ja
- **Maatregelen**
- **Vastgesteld beveiligingsbeleid dat ook is geïmplementeerd**: nee
- **Overige maatregelen**: nee
- **Toelichting maatregelen**: -
- **Pseudonimisering van gegevens**: ja
- **Toelichting**: Aut porro et nulla\.

## Doorgifte

- **Doorgifte buiten EER**: nee
- **Landen**: - 
- **Adequate bescherming buiten de EER**: nee
- **Toelichting**: -
- **Toelichting**: -

## GEB (DPIA)

- **GEB (DPIA)**: ja

## Contactpersoon


<!--- #App\Models\ContactPerson# --->

## Documenten &amp; Bijlagen

- Geen

## Opmerkingen

- Geen

## Publiceren

- **Publiceer vanaf**: 24-05-2012 02:00
